// Vitest Snapshot v1, https://vitest.dev/guide/snapshot.html

exports[`Snapshot complet de la matrice > matche le snapshot connu 1`] = `
{
  "admin": {
    "assessment.read": true,
    "assessment.write": true,
    "audit.read": true,
    "competence.read": true,
    "competence.write": true,
    "config.read": true,
    "config.write": false,
    "learner.read": true,
    "learner.read_detail": true,
    "module.create": true,
    "module.delete": true,
    "module.publish": true,
    "module.read": true,
    "module.update": true,
    "path.create": true,
    "path.delete": true,
    "path.read": true,
    "path.update": true,
    "user.create": true,
    "user.delete": true,
    "user.disable_mfa": false,
    "user.read": true,
    "user.reset_password": true,
    "user.update": true,
  },
  "learner": {
    "assessment.read": false,
    "assessment.write": false,
    "audit.read": false,
    "competence.read": false,
    "competence.write": false,
    "config.read": false,
    "config.write": false,
    "learner.read": false,
    "learner.read_detail": false,
    "module.create": false,
    "module.delete": false,
    "module.publish": false,
    "module.read": true,
    "module.update": false,
    "path.create": false,
    "path.delete": false,
    "path.read": true,
    "path.update": false,
    "user.create": false,
    "user.delete": false,
    "user.disable_mfa": false,
    "user.read": false,
    "user.reset_password": false,
    "user.update": false,
  },
  "manager": {
    "assessment.read": false,
    "assessment.write": false,
    "audit.read": false,
    "competence.read": true,
    "competence.write": false,
    "config.read": false,
    "config.write": false,
    "learner.read": true,
    "learner.read_detail": true,
    "module.create": false,
    "module.delete": false,
    "module.publish": false,
    "module.read": true,
    "module.update": false,
    "path.create": false,
    "path.delete": false,
    "path.read": true,
    "path.update": false,
    "user.create": false,
    "user.delete": false,
    "user.disable_mfa": false,
    "user.read": false,
    "user.reset_password": false,
    "user.update": false,
  },
  "super_admin": {
    "assessment.read": true,
    "assessment.write": true,
    "audit.read": true,
    "competence.read": true,
    "competence.write": true,
    "config.read": true,
    "config.write": true,
    "learner.read": true,
    "learner.read_detail": true,
    "module.create": true,
    "module.delete": true,
    "module.publish": true,
    "module.read": true,
    "module.update": true,
    "path.create": true,
    "path.delete": true,
    "path.read": true,
    "path.update": true,
    "user.create": true,
    "user.delete": true,
    "user.disable_mfa": true,
    "user.read": true,
    "user.reset_password": true,
    "user.update": true,
  },
  "trainer": {
    "assessment.read": true,
    "assessment.write": true,
    "audit.read": false,
    "competence.read": true,
    "competence.write": false,
    "config.read": false,
    "config.write": false,
    "learner.read": true,
    "learner.read_detail": true,
    "module.create": true,
    "module.delete": false,
    "module.publish": true,
    "module.read": true,
    "module.update": true,
    "path.create": false,
    "path.delete": false,
    "path.read": true,
    "path.update": false,
    "user.create": false,
    "user.delete": false,
    "user.disable_mfa": false,
    "user.read": false,
    "user.reset_password": false,
    "user.update": false,
  },
}
`;
